<?xml version="1.0" encoding="utf-8"?><testsuites name="pytest tests"><testsuite name="pytest" errors="0" failures="0" skipped="0" tests="0" time="1.800" timestamp="2025-09-20T06:59:08.257180+00:00" hostname="devbox" /></testsuites>